17:01:48 **** Incremental Build of configuration Debug for project TRAFIC_LIGHT ****
make -j12 all 
arm-none-eabi-size  TRAFIC_LIGHT.elf 
   text	   data	    bss	    dec	    hex	filename
   1196	      4	   1564	   2764	    acc	TRAFIC_LIGHT.elf
Finished building: default.size.stdout
 
17:02:06 **** Incremental Build of configuration Debug for project TRAFIC_LIGHT ****
make -j12 all 
arm-none-eabi-size  TRAFIC_LIGHT.elf 
   text	   data	    bss	    dec	    hex	filename
   1196	      4	   1564	   2764	    acc	TRAFIC_LIGHT.elf
Finished building: default.size.stdout
 
