15:09:47 **** Incremental Build of configuration Debug for project RTC_LCD ****
make -j12 all 
arm-none-eabi-gcc "../Core/Src/main.c" -mcpu=cortex-m4 -std=gnu11 -g3 -DDEBUG -DUSE_HAL_DRIVER -DSTM32F407xx -c -I../Core/Inc -I../Drivers/STM32F4xx_HAL_Driver/Inc -I../Drivers/STM32F4xx_HAL_Driver/Inc/Legacy -I../Drivers/CMSIS/Device/ST/STM32F4xx/Include -I../Drivers/CMSIS/Include -O0 -ffunction-sections -fdata-sections -Wall -fstack-usage -fcyclomatic-complexity -MMD -MP -MF"Core/Src/main.d" -MT"Core/Src/main.o" --specs=nano.specs -mfpu=fpv4-sp-d16 -mfloat-abi=hard -mthumb -o "Core/Src/main.o"
../Core/Src/main.c: In function 'main':
../Core/Src/main.c:113:38: warning: format '%d' expects a matching 'int' argument [-Wformat=]
  113 |   sprintf(str, "%d %02d-%02d-%02d %02d \r\n", date.WeekDay, date.Date, date.Month, date.Year);
      |                                   ~~~^
      |                                      |
      |                                      int
arm-none-eabi-gcc -o "RTC_LCD.elf" @"objects.list"   -mcpu=cortex-m4 -T"/home/sunbeam/Desktop/DESD_Assignments/MCPI_Assignment/RTC_LCD/STM32F407VGTX_FLASH.ld" --specs=nosys.specs -Wl,-Map="RTC_LCD.map" -Wl,--gc-sections -static --specs=nano.specs -mfpu=fpv4-sp-d16 -mfloat-abi=hard -mthumb -Wl,--start-group -lc -lm -Wl,--end-group
Finished building target: RTC_LCD.elf
 
arm-none-eabi-size  RTC_LCD.elf 
arm-none-eabi-objdump -h -S RTC_LCD.elf  > "RTC_LCD.list"
   text	   data	    bss	    dec	    hex	filename
  13988	     92	   2020	  16100	   3ee4	RTC_LCD.elf
Finished building: default.size.stdout
 
Finished building: RTC_LCD.list
 

15:09:48 Build Finished. 0 errors, 1 warnings. (took 265ms)

